// Jest Snapshot v1, https://goo.gl/fbAQLP

exports[`Test ConsoleReporter class Test print method should print lines to the logger 1`] = `
[
  "------------------- [ METRICS START (5) ] -------------------",
  "os.datetime.utc (gauge)",
  "  {}: 123456 ",
  "",
  "test.info (info)",
  "  {}: Test Value ",
  "",
  "test.counter (counter)",
  "  {}: 5 ",
  "  {action: posts\\comments}: 8 ",
  "",
  "test.gauge-total (gauge)",
  "  {action: users-"John"}: -8 ",
  "  {}: [object Object] ",
  "",
  "test.histogram (histogram)",
  "  {}: Count: 4 | 1: 0 | 5: 2 | 10: 4 | 25: 4 | 50: 4 | 100: 4 | 250: 4 | 500: 4 | 1000: 4 | 2500: 4 | 5000: 4 | 10000: 4 | Min: 2.00 | Mean: 4.50 | Var: 9.00 | StdDev: 3.00 | Max: 8.00 | 0.5: 2.00 | 0.9: 8.00 | 0.95: 8.00 | 0.99: 8.00 | 0.999: 8.00 bytes",
  "  {action: auth}: Count: 3 | 1: 1 | 5: 2 | 10: 3 | 25: 3 | 50: 3 | 100: 3 | 250: 3 | 500: 3 | 1000: 3 | 2500: 3 | 5000: 3 | 10000: 3 | Min: 1.00 | Mean: 3.67 | Var: 9.33 | StdDev: 3.06 | Max: 7.00 | 0.5: 3.00 | 0.9: 7.00 | 0.95: 7.00 | 0.99: 7.00 | 0.999: 7.00 bytes",
  "",
  "-------------------- [ METRICS END (5) ] --------------------",
]
`;

exports[`Test ConsoleReporter class Test print method with onlyChanges should not print lines to the logger 1`] = `
[
  "------------------- [ METRICS START (60) ] -------------------",
  "process.arguments (info)",
  "  {index: 0}: /usr/bin/node ",
  "  {index: 1}: /home/icebob/workspace/moleculer/node_modules/jest-worker/build/workers/processChild.js ",
  "",
  "process.pid (info)",
  "  {}: 902324 ",
  "",
  "process.ppid (info)",
  "  {}: 902299 ",
  "",
  "process.memory.heap.size.total (gauge)",
  "  {}: 57823232 bytes",
  "",
  "process.memory.heap.size.used (gauge)",
  "  {}: 36550048 bytes",
  "",
  "process.memory.rss (gauge)",
  "  {}: 108597248 bytes",
  "",
  "process.memory.external (gauge)",
  "  {}: 6355012 bytes",
  "",
  "process.memory.heap.space.size.total (gauge)",
  "  {space: read_only_space}: 0 bytes",
  "  {space: new_space}: 33554432 bytes",
  "  {space: old_space}: 19181568 bytes",
  "  {space: code_space}: 1048576 bytes",
  "  {space: shared_space}: 0 bytes",
  "  {space: trusted_space}: 2670592 bytes",
  "  {space: new_large_object_space}: 0 bytes",
  "  {space: large_object_space}: 1368064 bytes",
  "  {space: code_large_object_space}: 0 bytes",
  "  {space: shared_large_object_space}: 0 bytes",
  "  {space: trusted_large_object_space}: 0 bytes",
  "",
  "process.memory.heap.space.size.used (gauge)",
  "  {space: read_only_space}: 0 bytes",
  "  {space: new_space}: 13875080 bytes",
  "  {space: old_space}: 17975032 bytes",
  "  {space: code_space}: 974464 bytes",
  "  {space: shared_space}: 0 bytes",
  "  {space: trusted_space}: 2386016 bytes",
  "  {space: new_large_object_space}: 0 bytes",
  "  {space: large_object_space}: 1350472 bytes",
  "  {space: code_large_object_space}: 0 bytes",
  "  {space: shared_large_object_space}: 0 bytes",
  "  {space: trusted_large_object_space}: 0 bytes",
  "",
  "process.memory.heap.space.size.available (gauge)",
  "  {space: read_only_space}: 0 bytes",
  "  {space: new_space}: 2619512 bytes",
  "  {space: old_space}: 868592 bytes",
  "  {space: code_space}: 8448 bytes",
  "  {space: shared_space}: 0 bytes",
  "  {space: trusted_space}: 235984 bytes",
  "  {space: new_large_object_space}: 16777216 bytes",
  "  {space: large_object_space}: 0 bytes",
  "  {space: code_large_object_space}: 0 bytes",
  "  {space: shared_large_object_space}: 0 bytes",
  "  {space: trusted_large_object_space}: 0 bytes",
  "",
  "process.memory.heap.space.size.physical (gauge)",
  "  {space: read_only_space}: 0 bytes",
  "  {space: new_space}: 22888448 bytes",
  "  {space: old_space}: 19398656 bytes",
  "  {space: code_space}: 1015808 bytes",
  "  {space: shared_space}: 0 bytes",
  "  {space: trusted_space}: 2883584 bytes",
  "  {space: new_large_object_space}: 0 bytes",
  "  {space: large_object_space}: 1368064 bytes",
  "  {space: code_large_object_space}: 0 bytes",
  "  {space: shared_large_object_space}: 0 bytes",
  "  {space: trusted_large_object_space}: 0 bytes",
  "",
  "process.memory.heap.stat.heap.size.total (gauge)",
  "  {}: 58085376 bytes",
  "",
  "process.memory.heap.stat.executable.size.total (gauge)",
  "  {}: 1310720 bytes",
  "",
  "process.memory.heap.stat.physical.size.total (gauge)",
  "  {}: 48062464 bytes",
  "",
  "process.memory.heap.stat.available.size.total (gauge)",
  "  {}: 2160398936 bytes",
  "",
  "process.memory.heap.stat.used.heap.size (gauge)",
  "  {}: 36647528 bytes",
  "",
  "process.memory.heap.stat.heap.size.limit (gauge)",
  "  {}: 2197815296 bytes",
  "",
  "process.memory.heap.stat.mallocated.memory (gauge)",
  "  {}: 548968 bytes",
  "",
  "process.memory.heap.stat.peak.mallocated.memory (gauge)",
  "  {}: 1635696 bytes",
  "",
  "process.memory.heap.stat.zap.garbage (gauge)",
  "  {}: 0 ",
  "",
  "process.uptime (gauge)",
  "  {}: 1.309435106 seconds",
  "",
  "process.internal.active.handles (gauge)",
  "  {}: 3 handles",
  "",
  "process.versions.node (info)",
  "  {}: 22.22.1 ",
  "",
  "os.memory.free (gauge)",
  "  {}: 9244639232 bytes",
  "",
  "os.memory.used (gauge)",
  "  {}: 3296870400 bytes",
  "",
  "os.memory.total (gauge)",
  "  {}: 12541509632 bytes",
  "",
  "os.uptime (gauge)",
  "  {}: 2095107.82 seconds",
  "",
  "os.type (info)",
  "  {}: Linux ",
  "",
  "os.release (info)",
  "  {}: 6.8.0-101-generic ",
  "",
  "os.hostname (info)",
  "  {}: claude-contabo ",
  "",
  "os.arch (info)",
  "  {}: x64 ",
  "",
  "os.platform (info)",
  "  {}: linux ",
  "",
  "os.user.uid (info)",
  "  {}: 1000 ",
  "",
  "os.user.gid (info)",
  "  {}: 1000 ",
  "",
  "os.user.username (info)",
  "  {}: icebob ",
  "",
  "os.user.homedir (info)",
  "  {}: /home/icebob ",
  "",
  "os.network.address (info)",
  "  {interface: eth0, family: IPv4}: 157.173.105.159 ",
  "  {interface: eth0, family: IPv6}: fe80::250:56ff:fe61:a04d ",
  "  {interface: docker0, family: IPv4}: 172.17.0.1 ",
  "  {interface: docker0, family: IPv6}: fe80::1018:e4ff:fe5a:2f6e ",
  "  {interface: br-159e3097e7ed, family: IPv4}: 172.20.0.1 ",
  "  {interface: br-159e3097e7ed, family: IPv6}: fe80::5c9d:1ff:fe41:863e ",
  "  {interface: ztfp6gwidn, family: IPv4}: 10.147.19.58 ",
  "  {interface: ztfp6gwidn, family: IPv6}: fe80::20e9:1cff:fe32:b0b8 ",
  "  {interface: br-82640363ce77, family: IPv4}: 172.19.0.1 ",
  "  {interface: br-82640363ce77, family: IPv6}: fe80::98fa:c9ff:fe17:df0c ",
  "  {interface: tailscale0, family: IPv4}: 100.82.99.115 ",
  "  {interface: tailscale0, family: IPv6}: fe80::8756:17a:97a1:ac41 ",
  "  {interface: vethc9f394b, family: IPv6}: fe80::2476:53ff:fe5c:b4a8 ",
  "  {interface: veth7504986, family: IPv6}: fe80::84d0:b1ff:fed2:fedf ",
  "  {interface: vethace83ce, family: IPv6}: fe80::10f4:8cff:fee8:32ee ",
  "  {interface: veth406793a, family: IPv6}: fe80::38b8:29ff:fe4c:5546 ",
  "",
  "os.network.mac (info)",
  "  {interface: eth0, family: IPv4}: 00:50:56:61:a0:4d ",
  "  {interface: eth0, family: IPv6}: 00:50:56:61:a0:4d ",
  "  {interface: docker0, family: IPv4}: 12:18:e4:5a:2f:6e ",
  "  {interface: docker0, family: IPv6}: 12:18:e4:5a:2f:6e ",
  "  {interface: br-159e3097e7ed, family: IPv4}: 5e:9d:01:41:86:3e ",
  "  {interface: br-159e3097e7ed, family: IPv6}: 5e:9d:01:41:86:3e ",
  "  {interface: ztfp6gwidn, family: IPv4}: 22:e9:1c:32:b0:b8 ",
  "  {interface: ztfp6gwidn, family: IPv6}: 22:e9:1c:32:b0:b8 ",
  "  {interface: br-82640363ce77, family: IPv4}: 9a:fa:c9:17:df:0c ",
  "  {interface: br-82640363ce77, family: IPv6}: 9a:fa:c9:17:df:0c ",
  "  {interface: tailscale0, family: IPv4}: 00:00:00:00:00:00 ",
  "  {interface: tailscale0, family: IPv6}: 00:00:00:00:00:00 ",
  "  {interface: vethc9f394b, family: IPv6}: 26:76:53:5c:b4:a8 ",
  "  {interface: veth7504986, family: IPv6}: 86:d0:b1:d2:fe:df ",
  "  {interface: vethace83ce, family: IPv6}: 12:f4:8c:e8:32:ee ",
  "  {interface: veth406793a, family: IPv6}: 3a:b8:29:4c:55:46 ",
  "",
  "os.datetime.unix (gauge)",
  "  {}: 1774127968832 ",
  "",
  "os.datetime.iso (info)",
  "  {}: 2026-03-21T21:19:28.832Z ",
  "",
  "os.datetime.utc (gauge)",
  "  {}: 123456 ",
  "",
  "os.datetime.tz.offset (gauge)",
  "  {}: -60 ",
  "",
  "os.cpu.load.1 (gauge)",
  "  {}: 1.58 ",
  "",
  "os.cpu.load.5 (gauge)",
  "  {}: 1.55 ",
  "",
  "os.cpu.load.15 (gauge)",
  "  {}: 1 ",
  "",
  "moleculer.node.type (info)",
  "  {}: nodejs ",
  "",
  "moleculer.node.versions.protocol (info)",
  "  {}: 5 ",
  "",
  "moleculer.broker.namespace (info)",
  "  {}: <empty string> ",
  "",
  "moleculer.broker.started (gauge)",
  "  {}: 0 ",
  "",
  "moleculer.broker.local.services.total (gauge)",
  "  {}: 1 ",
  "",
  "moleculer.broker.middlewares.total (gauge)",
  "  {}: 13 ",
  "",
  "moleculer.registry.nodes.total (gauge)",
  "  {}: 1 ",
  "",
  "moleculer.registry.nodes.online.total (gauge)",
  "  {}: 1 ",
  "",
  "moleculer.registry.services.total (gauge)",
  "  {}: 0 ",
  "",
  "moleculer.registry.actions.total (gauge)",
  "  {}: 0 ",
  "",
  "moleculer.registry.events.total (gauge)",
  "  {}: 0 ",
  "",
  "test.info (info)",
  "  {}: Test Value ",
  "",
  "test.counter (counter)",
  "  {}: 5 ",
  "  {action: posts\\comments}: 8 ",
  "",
  "test.gauge-total (gauge)",
  "  {action: users-"John"}: -8 ",
  "  {}: [object Object] ",
  "",
  "test.histogram (histogram)",
  "  {}: Count: 4 | 1: 0 | 5: 2 | 10: 4 | 25: 4 | 50: 4 | 100: 4 | 250: 4 | 500: 4 | 1000: 4 | 2500: 4 | 5000: 4 | 10000: 4 | Min: 2.00 | Mean: 4.50 | Var: 9.00 | StdDev: 3.00 | Max: 8.00 | 0.5: 2.00 | 0.9: 8.00 | 0.95: 8.00 | 0.99: 8.00 | 0.999: 8.00 bytes",
  "  {action: auth}: Count: 3 | 1: 1 | 5: 2 | 10: 3 | 25: 3 | 50: 3 | 100: 3 | 250: 3 | 500: 3 | 1000: 3 | 2500: 3 | 5000: 3 | 10000: 3 | Min: 1.00 | Mean: 3.67 | Var: 9.33 | StdDev: 3.06 | Max: 7.00 | 0.5: 3.00 | 0.9: 7.00 | 0.95: 7.00 | 0.99: 7.00 | 0.999: 7.00 bytes",
  "",
  "-------------------- [ METRICS END (60) ] --------------------",
]
`;

exports[`Test ConsoleReporter class Test print method with onlyChanges should print changes only 1`] = `
[
  "------------------- [ METRICS START (2) ] -------------------",
  "test.counter (counter)",
  "  {}: 12 ",
  "  {action: posts\\comments}: 8 ",
  "",
  "test.gauge-total (gauge)",
  "  {action: users-"John"}: -8 ",
  "  {}: [object Object] ",
  "  {action: posts}: -5 ",
  "",
  "-------------------- [ METRICS END (2) ] --------------------",
]
`;
