// Jest Snapshot v1, https://goo.gl/fbAQLP

exports[`Test CSVReporter class Test flush method should call broker emit with changes 1`] = `
[
  [
    "./reports/metrics/process.arguments.csv",
    [
      "Timestamp",
      "Metric",
      "Label index",
      "Value",
    ],
    [
      12345678000,
      "process.arguments",
      "0",
      "/usr/bin/node",
    ],
  ],
  [
    "./reports/metrics/process.arguments.csv",
    [
      "Timestamp",
      "Metric",
      "Label index",
      "Value",
    ],
    [
      12345678000,
      "process.arguments",
      "1",
      "/home/icebob/workspace/moleculer/node_modules/jest-worker/build/workers/processChild.js",
    ],
  ],
  [
    "./reports/metrics/process.pid.csv",
    [
      "Timestamp",
      "Metric",
      "Value",
    ],
    [
      12345678000,
      "process.pid",
      "902312",
    ],
  ],
  [
    "./reports/metrics/process.ppid.csv",
    [
      "Timestamp",
      "Metric",
      "Value",
    ],
    [
      12345678000,
      "process.ppid",
      "902299",
    ],
  ],
  [
    "./reports/metrics/process.memory.heap.size.total.csv",
    [
      "Timestamp",
      "Metric",
      "Value",
    ],
    [
      12345678000,
      "process.memory.heap.size.total",
      "59133952",
    ],
  ],
  [
    "./reports/metrics/process.memory.heap.size.used.csv",
    [
      "Timestamp",
      "Metric",
      "Value",
    ],
    [
      12345678000,
      "process.memory.heap.size.used",
      "37441528",
    ],
  ],
  [
    "./reports/metrics/process.memory.rss.csv",
    [
      "Timestamp",
      "Metric",
      "Value",
    ],
    [
      12345678000,
      "process.memory.rss",
      "118235136",
    ],
  ],
  [
    "./reports/metrics/process.memory.external.csv",
    [
      "Timestamp",
      "Metric",
      "Value",
    ],
    [
      12345678000,
      "process.memory.external",
      "6357058",
    ],
  ],
  [
    "./reports/metrics/process.memory.heap.space.size.total.csv",
    [
      "Timestamp",
      "Metric",
      "Label space",
      "Value",
    ],
    [
      12345678000,
      "process.memory.heap.space.size.total",
      "read_only_space",
      "0",
    ],
  ],
  [
    "./reports/metrics/process.memory.heap.space.size.total.csv",
    [
      "Timestamp",
      "Metric",
      "Label space",
      "Value",
    ],
    [
      12345678000,
      "process.memory.heap.space.size.total",
      "new_space",
      "33554432",
    ],
  ],
  [
    "./reports/metrics/process.memory.heap.space.size.total.csv",
    [
      "Timestamp",
      "Metric",
      "Label space",
      "Value",
    ],
    [
      12345678000,
      "process.memory.heap.space.size.total",
      "old_space",
      "20230144",
    ],
  ],
  [
    "./reports/metrics/process.memory.heap.space.size.total.csv",
    [
      "Timestamp",
      "Metric",
      "Label space",
      "Value",
    ],
    [
      12345678000,
      "process.memory.heap.space.size.total",
      "code_space",
      "1310720",
    ],
  ],
  [
    "./reports/metrics/process.memory.heap.space.size.total.csv",
    [
      "Timestamp",
      "Metric",
      "Label space",
      "Value",
    ],
    [
      12345678000,
      "process.memory.heap.space.size.total",
      "shared_space",
      "0",
    ],
  ],
  [
    "./reports/metrics/process.memory.heap.space.size.total.csv",
    [
      "Timestamp",
      "Metric",
      "Label space",
      "Value",
    ],
    [
      12345678000,
      "process.memory.heap.space.size.total",
      "trusted_space",
      "2670592",
    ],
  ],
  [
    "./reports/metrics/process.memory.heap.space.size.total.csv",
    [
      "Timestamp",
      "Metric",
      "Label space",
      "Value",
    ],
    [
      12345678000,
      "process.memory.heap.space.size.total",
      "new_large_object_space",
      "0",
    ],
  ],
  [
    "./reports/metrics/process.memory.heap.space.size.total.csv",
    [
      "Timestamp",
      "Metric",
      "Label space",
      "Value",
    ],
    [
      12345678000,
      "process.memory.heap.space.size.total",
      "large_object_space",
      "1368064",
    ],
  ],
  [
    "./reports/metrics/process.memory.heap.space.size.total.csv",
    [
      "Timestamp",
      "Metric",
      "Label space",
      "Value",
    ],
    [
      12345678000,
      "process.memory.heap.space.size.total",
      "code_large_object_space",
      "0",
    ],
  ],
  [
    "./reports/metrics/process.memory.heap.space.size.total.csv",
    [
      "Timestamp",
      "Metric",
      "Label space",
      "Value",
    ],
    [
      12345678000,
      "process.memory.heap.space.size.total",
      "shared_large_object_space",
      "0",
    ],
  ],
  [
    "./reports/metrics/process.memory.heap.space.size.total.csv",
    [
      "Timestamp",
      "Metric",
      "Label space",
      "Value",
    ],
    [
      12345678000,
      "process.memory.heap.space.size.total",
      "trusted_large_object_space",
      "0",
    ],
  ],
  [
    "./reports/metrics/process.memory.heap.space.size.used.csv",
    [
      "Timestamp",
      "Metric",
      "Label space",
      "Value",
    ],
    [
      12345678000,
      "process.memory.heap.space.size.used",
      "read_only_space",
      "0",
    ],
  ],
  [
    "./reports/metrics/process.memory.heap.space.size.used.csv",
    [
      "Timestamp",
      "Metric",
      "Label space",
      "Value",
    ],
    [
      12345678000,
      "process.memory.heap.space.size.used",
      "new_space",
      "13594864",
    ],
  ],
  [
    "./reports/metrics/process.memory.heap.space.size.used.csv",
    [
      "Timestamp",
      "Metric",
      "Label space",
      "Value",
    ],
    [
      12345678000,
      "process.memory.heap.space.size.used",
      "old_space",
      "18843104",
    ],
  ],
  [
    "./reports/metrics/process.memory.heap.space.size.used.csv",
    [
      "Timestamp",
      "Metric",
      "Label space",
      "Value",
    ],
    [
      12345678000,
      "process.memory.heap.space.size.used",
      "code_space",
      "1142784",
    ],
  ],
  [
    "./reports/metrics/process.memory.heap.space.size.used.csv",
    [
      "Timestamp",
      "Metric",
      "Label space",
      "Value",
    ],
    [
      12345678000,
      "process.memory.heap.space.size.used",
      "shared_space",
      "0",
    ],
  ],
  [
    "./reports/metrics/process.memory.heap.space.size.used.csv",
    [
      "Timestamp",
      "Metric",
      "Label space",
      "Value",
    ],
    [
      12345678000,
      "process.memory.heap.space.size.used",
      "trusted_space",
      "2522072",
    ],
  ],
  [
    "./reports/metrics/process.memory.heap.space.size.used.csv",
    [
      "Timestamp",
      "Metric",
      "Label space",
      "Value",
    ],
    [
      12345678000,
      "process.memory.heap.space.size.used",
      "new_large_object_space",
      "0",
    ],
  ],
  [
    "./reports/metrics/process.memory.heap.space.size.used.csv",
    [
      "Timestamp",
      "Metric",
      "Label space",
      "Value",
    ],
    [
      12345678000,
      "process.memory.heap.space.size.used",
      "large_object_space",
      "1350472",
    ],
  ],
  [
    "./reports/metrics/process.memory.heap.space.size.used.csv",
    [
      "Timestamp",
      "Metric",
      "Label space",
      "Value",
    ],
    [
      12345678000,
      "process.memory.heap.space.size.used",
      "code_large_object_space",
      "0",
    ],
  ],
  [
    "./reports/metrics/process.memory.heap.space.size.used.csv",
    [
      "Timestamp",
      "Metric",
      "Label space",
      "Value",
    ],
    [
      12345678000,
      "process.memory.heap.space.size.used",
      "shared_large_object_space",
      "0",
    ],
  ],
  [
    "./reports/metrics/process.memory.heap.space.size.used.csv",
    [
      "Timestamp",
      "Metric",
      "Label space",
      "Value",
    ],
    [
      12345678000,
      "process.memory.heap.space.size.used",
      "trusted_large_object_space",
      "0",
    ],
  ],
  [
    "./reports/metrics/process.memory.heap.space.size.available.csv",
    [
      "Timestamp",
      "Metric",
      "Label space",
      "Value",
    ],
    [
      12345678000,
      "process.memory.heap.space.size.available",
      "read_only_space",
      "0",
    ],
  ],
  [
    "./reports/metrics/process.memory.heap.space.size.available.csv",
    [
      "Timestamp",
      "Metric",
      "Label space",
      "Value",
    ],
    [
      12345678000,
      "process.memory.heap.space.size.available",
      "new_space",
      "2899728",
    ],
  ],
  [
    "./reports/metrics/process.memory.heap.space.size.available.csv",
    [
      "Timestamp",
      "Metric",
      "Label space",
      "Value",
    ],
    [
      12345678000,
      "process.memory.heap.space.size.available",
      "old_space",
      "1035872",
    ],
  ],
  [
    "./reports/metrics/process.memory.heap.space.size.available.csv",
    [
      "Timestamp",
      "Metric",
      "Label space",
      "Value",
    ],
    [
      12345678000,
      "process.memory.heap.space.size.available",
      "code_space",
      "85856",
    ],
  ],
  [
    "./reports/metrics/process.memory.heap.space.size.available.csv",
    [
      "Timestamp",
      "Metric",
      "Label space",
      "Value",
    ],
    [
      12345678000,
      "process.memory.heap.space.size.available",
      "shared_space",
      "0",
    ],
  ],
  [
    "./reports/metrics/process.memory.heap.space.size.available.csv",
    [
      "Timestamp",
      "Metric",
      "Label space",
      "Value",
    ],
    [
      12345678000,
      "process.memory.heap.space.size.available",
      "trusted_space",
      "99928",
    ],
  ],
  [
    "./reports/metrics/process.memory.heap.space.size.available.csv",
    [
      "Timestamp",
      "Metric",
      "Label space",
      "Value",
    ],
    [
      12345678000,
      "process.memory.heap.space.size.available",
      "new_large_object_space",
      "16777216",
    ],
  ],
  [
    "./reports/metrics/process.memory.heap.space.size.available.csv",
    [
      "Timestamp",
      "Metric",
      "Label space",
      "Value",
    ],
    [
      12345678000,
      "process.memory.heap.space.size.available",
      "large_object_space",
      "0",
    ],
  ],
  [
    "./reports/metrics/process.memory.heap.space.size.available.csv",
    [
      "Timestamp",
      "Metric",
      "Label space",
      "Value",
    ],
    [
      12345678000,
      "process.memory.heap.space.size.available",
      "code_large_object_space",
      "0",
    ],
  ],
  [
    "./reports/metrics/process.memory.heap.space.size.available.csv",
    [
      "Timestamp",
      "Metric",
      "Label space",
      "Value",
    ],
    [
      12345678000,
      "process.memory.heap.space.size.available",
      "shared_large_object_space",
      "0",
    ],
  ],
  [
    "./reports/metrics/process.memory.heap.space.size.available.csv",
    [
      "Timestamp",
      "Metric",
      "Label space",
      "Value",
    ],
    [
      12345678000,
      "process.memory.heap.space.size.available",
      "trusted_large_object_space",
      "0",
    ],
  ],
  [
    "./reports/metrics/process.memory.heap.space.size.physical.csv",
    [
      "Timestamp",
      "Metric",
      "Label space",
      "Value",
    ],
    [
      12345678000,
      "process.memory.heap.space.size.physical",
      "read_only_space",
      "0",
    ],
  ],
  [
    "./reports/metrics/process.memory.heap.space.size.physical.csv",
    [
      "Timestamp",
      "Metric",
      "Label space",
      "Value",
    ],
    [
      12345678000,
      "process.memory.heap.space.size.physical",
      "new_space",
      "30760960",
    ],
  ],
  [
    "./reports/metrics/process.memory.heap.space.size.physical.csv",
    [
      "Timestamp",
      "Metric",
      "Label space",
      "Value",
    ],
    [
      12345678000,
      "process.memory.heap.space.size.physical",
      "old_space",
      "20447232",
    ],
  ],
  [
    "./reports/metrics/process.memory.heap.space.size.physical.csv",
    [
      "Timestamp",
      "Metric",
      "Label space",
      "Value",
    ],
    [
      12345678000,
      "process.memory.heap.space.size.physical",
      "code_space",
      "1269760",
    ],
  ],
  [
    "./reports/metrics/process.memory.heap.space.size.physical.csv",
    [
      "Timestamp",
      "Metric",
      "Label space",
      "Value",
    ],
    [
      12345678000,
      "process.memory.heap.space.size.physical",
      "shared_space",
      "0",
    ],
  ],
  [
    "./reports/metrics/process.memory.heap.space.size.physical.csv",
    [
      "Timestamp",
      "Metric",
      "Label space",
      "Value",
    ],
    [
      12345678000,
      "process.memory.heap.space.size.physical",
      "trusted_space",
      "2883584",
    ],
  ],
  [
    "./reports/metrics/process.memory.heap.space.size.physical.csv",
    [
      "Timestamp",
      "Metric",
      "Label space",
      "Value",
    ],
    [
      12345678000,
      "process.memory.heap.space.size.physical",
      "new_large_object_space",
      "0",
    ],
  ],
  [
    "./reports/metrics/process.memory.heap.space.size.physical.csv",
    [
      "Timestamp",
      "Metric",
      "Label space",
      "Value",
    ],
    [
      12345678000,
      "process.memory.heap.space.size.physical",
      "large_object_space",
      "1368064",
    ],
  ],
  [
    "./reports/metrics/process.memory.heap.space.size.physical.csv",
    [
      "Timestamp",
      "Metric",
      "Label space",
      "Value",
    ],
    [
      12345678000,
      "process.memory.heap.space.size.physical",
      "code_large_object_space",
      "0",
    ],
  ],
  [
    "./reports/metrics/process.memory.heap.space.size.physical.csv",
    [
      "Timestamp",
      "Metric",
      "Label space",
      "Value",
    ],
    [
      12345678000,
      "process.memory.heap.space.size.physical",
      "shared_large_object_space",
      "0",
    ],
  ],
  [
    "./reports/metrics/process.memory.heap.space.size.physical.csv",
    [
      "Timestamp",
      "Metric",
      "Label space",
      "Value",
    ],
    [
      12345678000,
      "process.memory.heap.space.size.physical",
      "trusted_large_object_space",
      "0",
    ],
  ],
  [
    "./reports/metrics/process.memory.heap.stat.heap.size.total.csv",
    [
      "Timestamp",
      "Metric",
      "Value",
    ],
    [
      12345678000,
      "process.memory.heap.stat.heap.size.total",
      "59133952",
    ],
  ],
  [
    "./reports/metrics/process.memory.heap.stat.executable.size.total.csv",
    [
      "Timestamp",
      "Metric",
      "Value",
    ],
    [
      12345678000,
      "process.memory.heap.stat.executable.size.total",
      "1310720",
    ],
  ],
  [
    "./reports/metrics/process.memory.heap.stat.physical.size.total.csv",
    [
      "Timestamp",
      "Metric",
      "Value",
    ],
    [
      12345678000,
      "process.memory.heap.stat.physical.size.total",
      "56983552",
    ],
  ],
  [
    "./reports/metrics/process.memory.heap.stat.available.size.total.csv",
    [
      "Timestamp",
      "Metric",
      "Value",
    ],
    [
      12345678000,
      "process.memory.heap.stat.available.size.total",
      "2159464056",
    ],
  ],
  [
    "./reports/metrics/process.memory.heap.stat.used.heap.size.csv",
    [
      "Timestamp",
      "Metric",
      "Value",
    ],
    [
      12345678000,
      "process.memory.heap.stat.used.heap.size",
      "37569176",
    ],
  ],
  [
    "./reports/metrics/process.memory.heap.stat.heap.size.limit.csv",
    [
      "Timestamp",
      "Metric",
      "Value",
    ],
    [
      12345678000,
      "process.memory.heap.stat.heap.size.limit",
      "2197815296",
    ],
  ],
  [
    "./reports/metrics/process.memory.heap.stat.mallocated.memory.csv",
    [
      "Timestamp",
      "Metric",
      "Value",
    ],
    [
      12345678000,
      "process.memory.heap.stat.mallocated.memory",
      "548968",
    ],
  ],
  [
    "./reports/metrics/process.memory.heap.stat.peak.mallocated.memory.csv",
    [
      "Timestamp",
      "Metric",
      "Value",
    ],
    [
      12345678000,
      "process.memory.heap.stat.peak.mallocated.memory",
      "1536280",
    ],
  ],
  [
    "./reports/metrics/process.memory.heap.stat.zap.garbage.csv",
    [
      "Timestamp",
      "Metric",
      "Value",
    ],
    [
      12345678000,
      "process.memory.heap.stat.zap.garbage",
      "0",
    ],
  ],
  [
    "./reports/metrics/process.uptime.csv",
    [
      "Timestamp",
      "Metric",
      "Value",
    ],
    [
      12345678000,
      "process.uptime",
      "1.3403498",
    ],
  ],
  [
    "./reports/metrics/process.internal.active.handles.csv",
    [
      "Timestamp",
      "Metric",
      "Value",
    ],
    [
      12345678000,
      "process.internal.active.handles",
      "4",
    ],
  ],
  [
    "./reports/metrics/process.versions.node.csv",
    [
      "Timestamp",
      "Metric",
      "Value",
    ],
    [
      12345678000,
      "process.versions.node",
      "22.22.1",
    ],
  ],
  [
    "./reports/metrics/os.memory.free.csv",
    [
      "Timestamp",
      "Metric",
      "Value",
    ],
    [
      12345678000,
      "os.memory.free",
      "9244639232",
    ],
  ],
  [
    "./reports/metrics/os.memory.used.csv",
    [
      "Timestamp",
      "Metric",
      "Value",
    ],
    [
      12345678000,
      "os.memory.used",
      "3296870400",
    ],
  ],
  [
    "./reports/metrics/os.memory.total.csv",
    [
      "Timestamp",
      "Metric",
      "Value",
    ],
    [
      12345678000,
      "os.memory.total",
      "12541509632",
    ],
  ],
  [
    "./reports/metrics/os.uptime.csv",
    [
      "Timestamp",
      "Metric",
      "Value",
    ],
    [
      12345678000,
      "os.uptime",
      "2095107.82",
    ],
  ],
  [
    "./reports/metrics/os.type.csv",
    [
      "Timestamp",
      "Metric",
      "Value",
    ],
    [
      12345678000,
      "os.type",
      "Linux",
    ],
  ],
  [
    "./reports/metrics/os.release.csv",
    [
      "Timestamp",
      "Metric",
      "Value",
    ],
    [
      12345678000,
      "os.release",
      "6.8.0-101-generic",
    ],
  ],
  [
    "./reports/metrics/os.hostname.csv",
    [
      "Timestamp",
      "Metric",
      "Value",
    ],
    [
      12345678000,
      "os.hostname",
      "claude-contabo",
    ],
  ],
  [
    "./reports/metrics/os.arch.csv",
    [
      "Timestamp",
      "Metric",
      "Value",
    ],
    [
      12345678000,
      "os.arch",
      "x64",
    ],
  ],
  [
    "./reports/metrics/os.platform.csv",
    [
      "Timestamp",
      "Metric",
      "Value",
    ],
    [
      12345678000,
      "os.platform",
      "linux",
    ],
  ],
  [
    "./reports/metrics/os.user.uid.csv",
    [
      "Timestamp",
      "Metric",
      "Value",
    ],
    [
      12345678000,
      "os.user.uid",
      "1000",
    ],
  ],
  [
    "./reports/metrics/os.user.gid.csv",
    [
      "Timestamp",
      "Metric",
      "Value",
    ],
    [
      12345678000,
      "os.user.gid",
      "1000",
    ],
  ],
  [
    "./reports/metrics/os.user.username.csv",
    [
      "Timestamp",
      "Metric",
      "Value",
    ],
    [
      12345678000,
      "os.user.username",
      "icebob",
    ],
  ],
  [
    "./reports/metrics/os.user.homedir.csv",
    [
      "Timestamp",
      "Metric",
      "Value",
    ],
    [
      12345678000,
      "os.user.homedir",
      "/home/icebob",
    ],
  ],
  [
    "./reports/metrics/os.network.address.csv",
    [
      "Timestamp",
      "Metric",
      "Label interface",
      "Label family",
      "Value",
    ],
    [
      12345678000,
      "os.network.address",
      "eth0",
      "IPv4",
      "157.173.105.159",
    ],
  ],
  [
    "./reports/metrics/os.network.address.csv",
    [
      "Timestamp",
      "Metric",
      "Label interface",
      "Label family",
      "Value",
    ],
    [
      12345678000,
      "os.network.address",
      "eth0",
      "IPv6",
      "fe80::250:56ff:fe61:a04d",
    ],
  ],
  [
    "./reports/metrics/os.network.address.csv",
    [
      "Timestamp",
      "Metric",
      "Label interface",
      "Label family",
      "Value",
    ],
    [
      12345678000,
      "os.network.address",
      "docker0",
      "IPv4",
      "172.17.0.1",
    ],
  ],
  [
    "./reports/metrics/os.network.address.csv",
    [
      "Timestamp",
      "Metric",
      "Label interface",
      "Label family",
      "Value",
    ],
    [
      12345678000,
      "os.network.address",
      "docker0",
      "IPv6",
      "fe80::1018:e4ff:fe5a:2f6e",
    ],
  ],
  [
    "./reports/metrics/os.network.address.csv",
    [
      "Timestamp",
      "Metric",
      "Label interface",
      "Label family",
      "Value",
    ],
    [
      12345678000,
      "os.network.address",
      "br-159e3097e7ed",
      "IPv4",
      "172.20.0.1",
    ],
  ],
  [
    "./reports/metrics/os.network.address.csv",
    [
      "Timestamp",
      "Metric",
      "Label interface",
      "Label family",
      "Value",
    ],
    [
      12345678000,
      "os.network.address",
      "br-159e3097e7ed",
      "IPv6",
      "fe80::5c9d:1ff:fe41:863e",
    ],
  ],
  [
    "./reports/metrics/os.network.address.csv",
    [
      "Timestamp",
      "Metric",
      "Label interface",
      "Label family",
      "Value",
    ],
    [
      12345678000,
      "os.network.address",
      "ztfp6gwidn",
      "IPv4",
      "10.147.19.58",
    ],
  ],
  [
    "./reports/metrics/os.network.address.csv",
    [
      "Timestamp",
      "Metric",
      "Label interface",
      "Label family",
      "Value",
    ],
    [
      12345678000,
      "os.network.address",
      "ztfp6gwidn",
      "IPv6",
      "fe80::20e9:1cff:fe32:b0b8",
    ],
  ],
  [
    "./reports/metrics/os.network.address.csv",
    [
      "Timestamp",
      "Metric",
      "Label interface",
      "Label family",
      "Value",
    ],
    [
      12345678000,
      "os.network.address",
      "br-82640363ce77",
      "IPv4",
      "172.19.0.1",
    ],
  ],
  [
    "./reports/metrics/os.network.address.csv",
    [
      "Timestamp",
      "Metric",
      "Label interface",
      "Label family",
      "Value",
    ],
    [
      12345678000,
      "os.network.address",
      "br-82640363ce77",
      "IPv6",
      "fe80::98fa:c9ff:fe17:df0c",
    ],
  ],
  [
    "./reports/metrics/os.network.address.csv",
    [
      "Timestamp",
      "Metric",
      "Label interface",
      "Label family",
      "Value",
    ],
    [
      12345678000,
      "os.network.address",
      "tailscale0",
      "IPv4",
      "100.82.99.115",
    ],
  ],
  [
    "./reports/metrics/os.network.address.csv",
    [
      "Timestamp",
      "Metric",
      "Label interface",
      "Label family",
      "Value",
    ],
    [
      12345678000,
      "os.network.address",
      "tailscale0",
      "IPv6",
      "fe80::8756:17a:97a1:ac41",
    ],
  ],
  [
    "./reports/metrics/os.network.address.csv",
    [
      "Timestamp",
      "Metric",
      "Label interface",
      "Label family",
      "Value",
    ],
    [
      12345678000,
      "os.network.address",
      "vethc9f394b",
      "IPv6",
      "fe80::2476:53ff:fe5c:b4a8",
    ],
  ],
  [
    "./reports/metrics/os.network.address.csv",
    [
      "Timestamp",
      "Metric",
      "Label interface",
      "Label family",
      "Value",
    ],
    [
      12345678000,
      "os.network.address",
      "veth7504986",
      "IPv6",
      "fe80::84d0:b1ff:fed2:fedf",
    ],
  ],
  [
    "./reports/metrics/os.network.address.csv",
    [
      "Timestamp",
      "Metric",
      "Label interface",
      "Label family",
      "Value",
    ],
    [
      12345678000,
      "os.network.address",
      "vethace83ce",
      "IPv6",
      "fe80::10f4:8cff:fee8:32ee",
    ],
  ],
  [
    "./reports/metrics/os.network.address.csv",
    [
      "Timestamp",
      "Metric",
      "Label interface",
      "Label family",
      "Value",
    ],
    [
      12345678000,
      "os.network.address",
      "veth406793a",
      "IPv6",
      "fe80::38b8:29ff:fe4c:5546",
    ],
  ],
  [
    "./reports/metrics/os.network.mac.csv",
    [
      "Timestamp",
      "Metric",
      "Label interface",
      "Label family",
      "Value",
    ],
    [
      12345678000,
      "os.network.mac",
      "eth0",
      "IPv4",
      "00:50:56:61:a0:4d",
    ],
  ],
  [
    "./reports/metrics/os.network.mac.csv",
    [
      "Timestamp",
      "Metric",
      "Label interface",
      "Label family",
      "Value",
    ],
    [
      12345678000,
      "os.network.mac",
      "eth0",
      "IPv6",
      "00:50:56:61:a0:4d",
    ],
  ],
  [
    "./reports/metrics/os.network.mac.csv",
    [
      "Timestamp",
      "Metric",
      "Label interface",
      "Label family",
      "Value",
    ],
    [
      12345678000,
      "os.network.mac",
      "docker0",
      "IPv4",
      "12:18:e4:5a:2f:6e",
    ],
  ],
  [
    "./reports/metrics/os.network.mac.csv",
    [
      "Timestamp",
      "Metric",
      "Label interface",
      "Label family",
      "Value",
    ],
    [
      12345678000,
      "os.network.mac",
      "docker0",
      "IPv6",
      "12:18:e4:5a:2f:6e",
    ],
  ],
  [
    "./reports/metrics/os.network.mac.csv",
    [
      "Timestamp",
      "Metric",
      "Label interface",
      "Label family",
      "Value",
    ],
    [
      12345678000,
      "os.network.mac",
      "br-159e3097e7ed",
      "IPv4",
      "5e:9d:01:41:86:3e",
    ],
  ],
  [
    "./reports/metrics/os.network.mac.csv",
    [
      "Timestamp",
      "Metric",
      "Label interface",
      "Label family",
      "Value",
    ],
    [
      12345678000,
      "os.network.mac",
      "br-159e3097e7ed",
      "IPv6",
      "5e:9d:01:41:86:3e",
    ],
  ],
  [
    "./reports/metrics/os.network.mac.csv",
    [
      "Timestamp",
      "Metric",
      "Label interface",
      "Label family",
      "Value",
    ],
    [
      12345678000,
      "os.network.mac",
      "ztfp6gwidn",
      "IPv4",
      "22:e9:1c:32:b0:b8",
    ],
  ],
  [
    "./reports/metrics/os.network.mac.csv",
    [
      "Timestamp",
      "Metric",
      "Label interface",
      "Label family",
      "Value",
    ],
    [
      12345678000,
      "os.network.mac",
      "ztfp6gwidn",
      "IPv6",
      "22:e9:1c:32:b0:b8",
    ],
  ],
  [
    "./reports/metrics/os.network.mac.csv",
    [
      "Timestamp",
      "Metric",
      "Label interface",
      "Label family",
      "Value",
    ],
    [
      12345678000,
      "os.network.mac",
      "br-82640363ce77",
      "IPv4",
      "9a:fa:c9:17:df:0c",
    ],
  ],
  [
    "./reports/metrics/os.network.mac.csv",
    [
      "Timestamp",
      "Metric",
      "Label interface",
      "Label family",
      "Value",
    ],
    [
      12345678000,
      "os.network.mac",
      "br-82640363ce77",
      "IPv6",
      "9a:fa:c9:17:df:0c",
    ],
  ],
  [
    "./reports/metrics/os.network.mac.csv",
    [
      "Timestamp",
      "Metric",
      "Label interface",
      "Label family",
      "Value",
    ],
    [
      12345678000,
      "os.network.mac",
      "tailscale0",
      "IPv4",
      "00:00:00:00:00:00",
    ],
  ],
  [
    "./reports/metrics/os.network.mac.csv",
    [
      "Timestamp",
      "Metric",
      "Label interface",
      "Label family",
      "Value",
    ],
    [
      12345678000,
      "os.network.mac",
      "tailscale0",
      "IPv6",
      "00:00:00:00:00:00",
    ],
  ],
  [
    "./reports/metrics/os.network.mac.csv",
    [
      "Timestamp",
      "Metric",
      "Label interface",
      "Label family",
      "Value",
    ],
    [
      12345678000,
      "os.network.mac",
      "vethc9f394b",
      "IPv6",
      "26:76:53:5c:b4:a8",
    ],
  ],
  [
    "./reports/metrics/os.network.mac.csv",
    [
      "Timestamp",
      "Metric",
      "Label interface",
      "Label family",
      "Value",
    ],
    [
      12345678000,
      "os.network.mac",
      "veth7504986",
      "IPv6",
      "86:d0:b1:d2:fe:df",
    ],
  ],
  [
    "./reports/metrics/os.network.mac.csv",
    [
      "Timestamp",
      "Metric",
      "Label interface",
      "Label family",
      "Value",
    ],
    [
      12345678000,
      "os.network.mac",
      "vethace83ce",
      "IPv6",
      "12:f4:8c:e8:32:ee",
    ],
  ],
  [
    "./reports/metrics/os.network.mac.csv",
    [
      "Timestamp",
      "Metric",
      "Label interface",
      "Label family",
      "Value",
    ],
    [
      12345678000,
      "os.network.mac",
      "veth406793a",
      "IPv6",
      "3a:b8:29:4c:55:46",
    ],
  ],
  [
    "./reports/metrics/os.datetime.unix.csv",
    [
      "Timestamp",
      "Metric",
      "Value",
    ],
    [
      12345678000,
      "os.datetime.unix",
      "12345678000",
    ],
  ],
  [
    "./reports/metrics/os.datetime.iso.csv",
    [
      "Timestamp",
      "Metric",
      "Value",
    ],
    [
      12345678000,
      "os.datetime.iso",
      "1970-05-23T21:21:18.000Z",
    ],
  ],
  [
    "./reports/metrics/os.datetime.utc.csv",
    [
      "Timestamp",
      "Metric",
      "Value",
    ],
    [
      12345678000,
      "os.datetime.utc",
      "123456",
    ],
  ],
  [
    "./reports/metrics/os.datetime.tz.offset.csv",
    [
      "Timestamp",
      "Metric",
      "Value",
    ],
    [
      12345678000,
      "os.datetime.tz.offset",
      "-60",
    ],
  ],
  [
    "./reports/metrics/os.cpu.load.1.csv",
    [
      "Timestamp",
      "Metric",
      "Value",
    ],
    [
      12345678000,
      "os.cpu.load.1",
      "1.58",
    ],
  ],
  [
    "./reports/metrics/os.cpu.load.5.csv",
    [
      "Timestamp",
      "Metric",
      "Value",
    ],
    [
      12345678000,
      "os.cpu.load.5",
      "1.55",
    ],
  ],
  [
    "./reports/metrics/os.cpu.load.15.csv",
    [
      "Timestamp",
      "Metric",
      "Value",
    ],
    [
      12345678000,
      "os.cpu.load.15",
      "1",
    ],
  ],
  [
    "./reports/metrics/moleculer.node.type.csv",
    [
      "Timestamp",
      "Metric",
      "Value",
    ],
    [
      12345678000,
      "moleculer.node.type",
      "nodejs",
    ],
  ],
  [
    "./reports/metrics/moleculer.node.versions.protocol.csv",
    [
      "Timestamp",
      "Metric",
      "Value",
    ],
    [
      12345678000,
      "moleculer.node.versions.protocol",
      "5",
    ],
  ],
  [
    "./reports/metrics/moleculer.broker.namespace.csv",
    [
      "Timestamp",
      "Metric",
      "Value",
    ],
    [
      12345678000,
      "moleculer.broker.namespace",
      "",
    ],
  ],
  [
    "./reports/metrics/moleculer.broker.started.csv",
    [
      "Timestamp",
      "Metric",
      "Value",
    ],
    [
      12345678000,
      "moleculer.broker.started",
      "0",
    ],
  ],
  [
    "./reports/metrics/moleculer.broker.local.services.total.csv",
    [
      "Timestamp",
      "Metric",
      "Value",
    ],
    [
      12345678000,
      "moleculer.broker.local.services.total",
      "1",
    ],
  ],
  [
    "./reports/metrics/moleculer.broker.middlewares.total.csv",
    [
      "Timestamp",
      "Metric",
      "Value",
    ],
    [
      12345678000,
      "moleculer.broker.middlewares.total",
      "13",
    ],
  ],
  [
    "./reports/metrics/moleculer.registry.nodes.total.csv",
    [
      "Timestamp",
      "Metric",
      "Value",
    ],
    [
      12345678000,
      "moleculer.registry.nodes.total",
      "1",
    ],
  ],
  [
    "./reports/metrics/moleculer.registry.nodes.online.total.csv",
    [
      "Timestamp",
      "Metric",
      "Value",
    ],
    [
      12345678000,
      "moleculer.registry.nodes.online.total",
      "1",
    ],
  ],
  [
    "./reports/metrics/moleculer.registry.services.total.csv",
    [
      "Timestamp",
      "Metric",
      "Value",
    ],
    [
      12345678000,
      "moleculer.registry.services.total",
      "0",
    ],
  ],
  [
    "./reports/metrics/moleculer.registry.actions.total.csv",
    [
      "Timestamp",
      "Metric",
      "Value",
    ],
    [
      12345678000,
      "moleculer.registry.actions.total",
      "0",
    ],
  ],
  [
    "./reports/metrics/moleculer.registry.events.total.csv",
    [
      "Timestamp",
      "Metric",
      "Value",
    ],
    [
      12345678000,
      "moleculer.registry.events.total",
      "0",
    ],
  ],
  [
    "./reports/metrics/test.info.csv",
    [
      "Timestamp",
      "Metric",
      "Value",
    ],
    [
      12345678000,
      "test.info",
      "Test Value",
    ],
  ],
  [
    "./reports/metrics/test.counter.csv",
    [
      "Timestamp",
      "Metric",
      "Label action",
      "Value",
    ],
    [
      12345678000,
      "test.counter",
      "",
      "5",
    ],
  ],
  [
    "./reports/metrics/test.counter.csv",
    [
      "Timestamp",
      "Metric",
      "Label action",
      "Value",
    ],
    [
      12345678000,
      "test.counter",
      "posts\\comments",
      "8",
    ],
  ],
  [
    "./reports/metrics/test.gauge-total.csv",
    [
      "Timestamp",
      "Metric",
      "Label action",
      "Value",
    ],
    [
      12345678000,
      "test.gauge-total",
      "users-"John"",
      "-8",
    ],
  ],
  [
    "./reports/metrics/test.gauge-total.csv",
    [
      "Timestamp",
      "Metric",
      "Label action",
      "Value",
    ],
    [
      12345678000,
      "test.gauge-total",
      "",
      "[object Object]",
    ],
  ],
  [
    "./reports/metrics/test.histogram.csv",
    [
      "Timestamp",
      "Metric",
      "Label action",
      "Count",
      "Sum",
      "Bucket_1",
      "Bucket_5",
      "Bucket_10",
      "Bucket_25",
      "Bucket_50",
      "Bucket_100",
      "Bucket_250",
      "Bucket_500",
      "Bucket_1000",
      "Bucket_2500",
      "Bucket_5000",
      "Bucket_10000",
      "Min",
      "Mean",
      "Var",
      "StdDev",
      "Max",
      "Quantile_0.5",
      "Quantile_0.9",
      "Quantile_0.95",
      "Quantile_0.99",
      "Quantile_0.999",
    ],
    [
      12345678000,
      "test.histogram",
      "",
      4,
      18,
      0,
      2,
      4,
      4,
      4,
      4,
      4,
      4,
      4,
      4,
      4,
      4,
      2,
      4.5,
      9,
      3,
      8,
      2,
      8,
      8,
      8,
      8,
    ],
  ],
  [
    "./reports/metrics/test.histogram.csv",
    [
      "Timestamp",
      "Metric",
      "Label action",
      "Count",
      "Sum",
      "Bucket_1",
      "Bucket_5",
      "Bucket_10",
      "Bucket_25",
      "Bucket_50",
      "Bucket_100",
      "Bucket_250",
      "Bucket_500",
      "Bucket_1000",
      "Bucket_2500",
      "Bucket_5000",
      "Bucket_10000",
      "Min",
      "Mean",
      "Var",
      "StdDev",
      "Max",
      "Quantile_0.5",
      "Quantile_0.9",
      "Quantile_0.95",
      "Quantile_0.99",
      "Quantile_0.999",
    ],
    [
      12345678000,
      "test.histogram",
      "auth",
      3,
      11,
      1,
      2,
      3,
      3,
      3,
      3,
      3,
      3,
      3,
      3,
      3,
      3,
      1,
      3.6666666666666665,
      9.333333333333334,
      3.0550504633038935,
      7,
      3,
      7,
      7,
      7,
      7,
    ],
  ],
]
`;

exports[`Test CSVReporter class Test flush method should write changes only 1`] = `
[
  [
    "./reports/metrics/test.counter.csv",
    [
      "Timestamp",
      "Metric",
      "Label action",
      "Value",
      "MyField",
    ],
    [
      12345678000,
      "test.counter",
      "",
      "12",
      "MyData",
    ],
  ],
  [
    "./reports/metrics/test.gauge-total.csv",
    [
      "Timestamp",
      "Metric",
      "Label action",
      "Value",
      "MyField",
    ],
    [
      12345678000,
      "test.gauge-total",
      "posts",
      "-5",
      "MyData",
    ],
  ],
]
`;
