// Jest Snapshot v1, https://goo.gl/fbAQLP

exports[`Test EventReporter class Test sendEvent method should call broker emit with changes 1`] = `
[
  {
    "description": undefined,
    "labelNames": [],
    "name": "os.datetime.utc",
    "type": "gauge",
    "unit": undefined,
    "values": [
      {
        "key": "",
        "labels": {},
        "timestamp": 12345678000,
        "value": 123456,
      },
    ],
  },
  {
    "description": "Test Info Metric",
    "labelNames": [],
    "name": "test.info",
    "type": "info",
    "unit": undefined,
    "values": [
      {
        "key": "",
        "labels": {},
        "timestamp": 12345678000,
        "value": "Test Value",
      },
    ],
  },
  {
    "description": "Test Counter Metric",
    "labelNames": [
      "action",
    ],
    "name": "test.counter",
    "type": "counter",
    "unit": undefined,
    "values": [
      {
        "key": "",
        "labels": {},
        "timestamp": 12345678000,
        "value": 5,
      },
      {
        "key": ""posts\\comments"",
        "labels": {
          "action": "posts\\comments",
        },
        "timestamp": 12345678000,
        "value": 8,
      },
    ],
  },
  {
    "description": "Test Gauge Metric",
    "labelNames": [
      "action",
    ],
    "name": "test.gauge-total",
    "type": "gauge",
    "unit": undefined,
    "values": [
      {
        "key": ""users-"John""",
        "labels": {
          "action": "users-"John"",
        },
        "timestamp": 12345678000,
        "value": -8,
      },
      {
        "key": "",
        "labels": {},
        "timestamp": 12345678000,
        "value": {
          "action": "posts",
        },
      },
    ],
  },
  {
    "description": undefined,
    "labelNames": [
      "action",
    ],
    "name": "test.histogram",
    "type": "histogram",
    "unit": "byte",
    "values": [
      {
        "buckets": {
          "1": 0,
          "10": 4,
          "100": 4,
          "1000": 4,
          "10000": 4,
          "25": 4,
          "250": 4,
          "2500": 4,
          "5": 2,
          "50": 4,
          "500": 4,
          "5000": 4,
        },
        "count": 4,
        "key": "",
        "labels": {},
        "lastValue": 2,
        "max": 8,
        "mean": 4.5,
        "min": 2,
        "quantiles": {
          "0.5": 2,
          "0.9": 8,
          "0.95": 8,
          "0.99": 8,
          "0.999": 8,
        },
        "stdDev": 3,
        "sum": 18,
        "timestamp": 12345678000,
        "variance": 9,
      },
      {
        "buckets": {
          "1": 1,
          "10": 3,
          "100": 3,
          "1000": 3,
          "10000": 3,
          "25": 3,
          "250": 3,
          "2500": 3,
          "5": 2,
          "50": 3,
          "500": 3,
          "5000": 3,
        },
        "count": 3,
        "key": ""auth"",
        "labels": {
          "action": "auth",
        },
        "lastValue": 7,
        "max": 7,
        "mean": 3.6666666666666665,
        "min": 1,
        "quantiles": {
          "0.5": 3,
          "0.9": 7,
          "0.95": 7,
          "0.99": 7,
          "0.999": 7,
        },
        "stdDev": 3.0550504633038935,
        "sum": 11,
        "timestamp": 12345678000,
        "variance": 9.333333333333334,
      },
    ],
  },
]
`;

exports[`Test EventReporter class Test sendEvent method with onlyChanges should call broker.broadcast 1`] = `
[
  {
    "description": "Process arguments",
    "labelNames": [
      "index",
    ],
    "name": "process.arguments",
    "type": "info",
    "unit": undefined,
    "values": [
      {
        "key": "0",
        "labels": {
          "index": 0,
        },
        "timestamp": 12345678000,
        "value": "/usr/bin/node",
      },
      {
        "key": "1",
        "labels": {
          "index": 1,
        },
        "timestamp": 12345678000,
        "value": "/home/icebob/workspace/moleculer/node_modules/jest-worker/build/workers/processChild.js",
      },
    ],
  },
  {
    "description": "Process PID",
    "labelNames": [],
    "name": "process.pid",
    "type": "info",
    "unit": undefined,
    "values": [
      {
        "key": "",
        "labels": {},
        "timestamp": 12345678000,
        "value": 902313,
      },
    ],
  },
  {
    "description": "Process parent PID",
    "labelNames": [],
    "name": "process.ppid",
    "type": "info",
    "unit": undefined,
    "values": [
      {
        "key": "",
        "labels": {},
        "timestamp": 12345678000,
        "value": 902299,
      },
    ],
  },
  {
    "description": "Process heap size",
    "labelNames": [],
    "name": "process.memory.heap.size.total",
    "type": "gauge",
    "unit": "byte",
    "values": [
      {
        "key": "",
        "labels": {},
        "timestamp": 12345678000,
        "value": 58609664,
      },
    ],
  },
  {
    "description": "Process used heap size",
    "labelNames": [],
    "name": "process.memory.heap.size.used",
    "type": "gauge",
    "unit": "byte",
    "values": [
      {
        "key": "",
        "labels": {},
        "timestamp": 12345678000,
        "value": 33292224,
      },
    ],
  },
  {
    "description": "Process RSS size",
    "labelNames": [],
    "name": "process.memory.rss",
    "type": "gauge",
    "unit": "byte",
    "values": [
      {
        "key": "",
        "labels": {},
        "timestamp": 12345678000,
        "value": 113586176,
      },
    ],
  },
  {
    "description": "Process external memory size",
    "labelNames": [],
    "name": "process.memory.external",
    "type": "gauge",
    "unit": "byte",
    "values": [
      {
        "key": "",
        "labels": {},
        "timestamp": 12345678000,
        "value": 6364690,
      },
    ],
  },
  {
    "description": "Process total heap space size",
    "labelNames": [
      "space",
    ],
    "name": "process.memory.heap.space.size.total",
    "type": "gauge",
    "unit": "byte",
    "values": [
      {
        "key": ""read_only_space"",
        "labels": {
          "space": "read_only_space",
        },
        "timestamp": 12345678000,
        "value": 0,
      },
      {
        "key": ""new_space"",
        "labels": {
          "space": "new_space",
        },
        "timestamp": 12345678000,
        "value": 33554432,
      },
      {
        "key": ""old_space"",
        "labels": {
          "space": "old_space",
        },
        "timestamp": 12345678000,
        "value": 19705856,
      },
      {
        "key": ""code_space"",
        "labels": {
          "space": "code_space",
        },
        "timestamp": 12345678000,
        "value": 1310720,
      },
      {
        "key": ""shared_space"",
        "labels": {
          "space": "shared_space",
        },
        "timestamp": 12345678000,
        "value": 0,
      },
      {
        "key": ""trusted_space"",
        "labels": {
          "space": "trusted_space",
        },
        "timestamp": 12345678000,
        "value": 2670592,
      },
      {
        "key": ""new_large_object_space"",
        "labels": {
          "space": "new_large_object_space",
        },
        "timestamp": 12345678000,
        "value": 0,
      },
      {
        "key": ""large_object_space"",
        "labels": {
          "space": "large_object_space",
        },
        "timestamp": 12345678000,
        "value": 1368064,
      },
      {
        "key": ""code_large_object_space"",
        "labels": {
          "space": "code_large_object_space",
        },
        "timestamp": 12345678000,
        "value": 0,
      },
      {
        "key": ""shared_large_object_space"",
        "labels": {
          "space": "shared_large_object_space",
        },
        "timestamp": 12345678000,
        "value": 0,
      },
      {
        "key": ""trusted_large_object_space"",
        "labels": {
          "space": "trusted_large_object_space",
        },
        "timestamp": 12345678000,
        "value": 0,
      },
    ],
  },
  {
    "description": "Process used heap space size",
    "labelNames": [
      "space",
    ],
    "name": "process.memory.heap.space.size.used",
    "type": "gauge",
    "unit": "byte",
    "values": [
      {
        "key": ""read_only_space"",
        "labels": {
          "space": "read_only_space",
        },
        "timestamp": 12345678000,
        "value": 0,
      },
      {
        "key": ""new_space"",
        "labels": {
          "space": "new_space",
        },
        "timestamp": 12345678000,
        "value": 9899336,
      },
      {
        "key": ""old_space"",
        "labels": {
          "space": "old_space",
        },
        "timestamp": 12345678000,
        "value": 18495984,
      },
      {
        "key": ""code_space"",
        "labels": {
          "space": "code_space",
        },
        "timestamp": 12345678000,
        "value": 1074624,
      },
      {
        "key": ""shared_space"",
        "labels": {
          "space": "shared_space",
        },
        "timestamp": 12345678000,
        "value": 0,
      },
      {
        "key": ""trusted_space"",
        "labels": {
          "space": "trusted_space",
        },
        "timestamp": 12345678000,
        "value": 2487976,
      },
      {
        "key": ""new_large_object_space"",
        "labels": {
          "space": "new_large_object_space",
        },
        "timestamp": 12345678000,
        "value": 0,
      },
      {
        "key": ""large_object_space"",
        "labels": {
          "space": "large_object_space",
        },
        "timestamp": 12345678000,
        "value": 1350472,
      },
      {
        "key": ""code_large_object_space"",
        "labels": {
          "space": "code_large_object_space",
        },
        "timestamp": 12345678000,
        "value": 0,
      },
      {
        "key": ""shared_large_object_space"",
        "labels": {
          "space": "shared_large_object_space",
        },
        "timestamp": 12345678000,
        "value": 0,
      },
      {
        "key": ""trusted_large_object_space"",
        "labels": {
          "space": "trusted_large_object_space",
        },
        "timestamp": 12345678000,
        "value": 0,
      },
    ],
  },
  {
    "description": "Process available heap space size",
    "labelNames": [
      "space",
    ],
    "name": "process.memory.heap.space.size.available",
    "type": "gauge",
    "unit": "byte",
    "values": [
      {
        "key": ""read_only_space"",
        "labels": {
          "space": "read_only_space",
        },
        "timestamp": 12345678000,
        "value": 0,
      },
      {
        "key": ""new_space"",
        "labels": {
          "space": "new_space",
        },
        "timestamp": 12345678000,
        "value": 6595256,
      },
      {
        "key": ""old_space"",
        "labels": {
          "space": "old_space",
        },
        "timestamp": 12345678000,
        "value": 867648,
      },
      {
        "key": ""code_space"",
        "labels": {
          "space": "code_space",
        },
        "timestamp": 12345678000,
        "value": 154016,
      },
      {
        "key": ""shared_space"",
        "labels": {
          "space": "shared_space",
        },
        "timestamp": 12345678000,
        "value": 0,
      },
      {
        "key": ""trusted_space"",
        "labels": {
          "space": "trusted_space",
        },
        "timestamp": 12345678000,
        "value": 134024,
      },
      {
        "key": ""new_large_object_space"",
        "labels": {
          "space": "new_large_object_space",
        },
        "timestamp": 12345678000,
        "value": 16777216,
      },
      {
        "key": ""large_object_space"",
        "labels": {
          "space": "large_object_space",
        },
        "timestamp": 12345678000,
        "value": 0,
      },
      {
        "key": ""code_large_object_space"",
        "labels": {
          "space": "code_large_object_space",
        },
        "timestamp": 12345678000,
        "value": 0,
      },
      {
        "key": ""shared_large_object_space"",
        "labels": {
          "space": "shared_large_object_space",
        },
        "timestamp": 12345678000,
        "value": 0,
      },
      {
        "key": ""trusted_large_object_space"",
        "labels": {
          "space": "trusted_large_object_space",
        },
        "timestamp": 12345678000,
        "value": 0,
      },
    ],
  },
  {
    "description": "Process physical heap space size",
    "labelNames": [
      "space",
    ],
    "name": "process.memory.heap.space.size.physical",
    "type": "gauge",
    "unit": "byte",
    "values": [
      {
        "key": ""read_only_space"",
        "labels": {
          "space": "read_only_space",
        },
        "timestamp": 12345678000,
        "value": 0,
      },
      {
        "key": ""new_space"",
        "labels": {
          "space": "new_space",
        },
        "timestamp": 12345678000,
        "value": 27205632,
      },
      {
        "key": ""old_space"",
        "labels": {
          "space": "old_space",
        },
        "timestamp": 12345678000,
        "value": 19922944,
      },
      {
        "key": ""code_space"",
        "labels": {
          "space": "code_space",
        },
        "timestamp": 12345678000,
        "value": 1269760,
      },
      {
        "key": ""shared_space"",
        "labels": {
          "space": "shared_space",
        },
        "timestamp": 12345678000,
        "value": 0,
      },
      {
        "key": ""trusted_space"",
        "labels": {
          "space": "trusted_space",
        },
        "timestamp": 12345678000,
        "value": 2883584,
      },
      {
        "key": ""new_large_object_space"",
        "labels": {
          "space": "new_large_object_space",
        },
        "timestamp": 12345678000,
        "value": 0,
      },
      {
        "key": ""large_object_space"",
        "labels": {
          "space": "large_object_space",
        },
        "timestamp": 12345678000,
        "value": 1368064,
      },
      {
        "key": ""code_large_object_space"",
        "labels": {
          "space": "code_large_object_space",
        },
        "timestamp": 12345678000,
        "value": 0,
      },
      {
        "key": ""shared_large_object_space"",
        "labels": {
          "space": "shared_large_object_space",
        },
        "timestamp": 12345678000,
        "value": 0,
      },
      {
        "key": ""trusted_large_object_space"",
        "labels": {
          "space": "trusted_large_object_space",
        },
        "timestamp": 12345678000,
        "value": 0,
      },
    ],
  },
  {
    "description": "Process heap stat size",
    "labelNames": [],
    "name": "process.memory.heap.stat.heap.size.total",
    "type": "gauge",
    "unit": "byte",
    "values": [
      {
        "key": "",
        "labels": {},
        "timestamp": 12345678000,
        "value": 58609664,
      },
    ],
  },
  {
    "description": "Process heap stat executable size",
    "labelNames": [],
    "name": "process.memory.heap.stat.executable.size.total",
    "type": "gauge",
    "unit": "byte",
    "values": [
      {
        "key": "",
        "labels": {},
        "timestamp": 12345678000,
        "value": 1310720,
      },
    ],
  },
  {
    "description": "Process heap stat physical size",
    "labelNames": [],
    "name": "process.memory.heap.stat.physical.size.total",
    "type": "gauge",
    "unit": "byte",
    "values": [
      {
        "key": "",
        "labels": {},
        "timestamp": 12345678000,
        "value": 52649984,
      },
    ],
  },
  {
    "description": "Process heap stat available size",
    "labelNames": [],
    "name": "process.memory.heap.stat.available.size.total",
    "type": "gauge",
    "unit": "byte",
    "values": [
      {
        "key": "",
        "labels": {},
        "timestamp": 12345678000,
        "value": 2163655784,
      },
    ],
  },
  {
    "description": "Process heap stat used size",
    "labelNames": [],
    "name": "process.memory.heap.stat.used.heap.size",
    "type": "gauge",
    "unit": "byte",
    "values": [
      {
        "key": "",
        "labels": {},
        "timestamp": 12345678000,
        "value": 33386400,
      },
    ],
  },
  {
    "description": "Process heap stat size limit",
    "labelNames": [],
    "name": "process.memory.heap.stat.heap.size.limit",
    "type": "gauge",
    "unit": "byte",
    "values": [
      {
        "key": "",
        "labels": {},
        "timestamp": 12345678000,
        "value": 2197815296,
      },
    ],
  },
  {
    "description": "Process heap stat mallocated size",
    "labelNames": [],
    "name": "process.memory.heap.stat.mallocated.memory",
    "type": "gauge",
    "unit": "byte",
    "values": [
      {
        "key": "",
        "labels": {},
        "timestamp": 12345678000,
        "value": 548968,
      },
    ],
  },
  {
    "description": "Peak of process heap stat mallocated size",
    "labelNames": [],
    "name": "process.memory.heap.stat.peak.mallocated.memory",
    "type": "gauge",
    "unit": "byte",
    "values": [
      {
        "key": "",
        "labels": {},
        "timestamp": 12345678000,
        "value": 1536280,
      },
    ],
  },
  {
    "description": "Process heap stat zap garbage",
    "labelNames": [],
    "name": "process.memory.heap.stat.zap.garbage",
    "type": "gauge",
    "unit": undefined,
    "values": [
      {
        "key": "",
        "labels": {},
        "timestamp": 12345678000,
        "value": 0,
      },
    ],
  },
  {
    "description": "Process uptime",
    "labelNames": [],
    "name": "process.uptime",
    "type": "gauge",
    "unit": "second",
    "values": [
      {
        "key": "",
        "labels": {},
        "timestamp": 12345678000,
        "value": 1.284891742,
      },
    ],
  },
  {
    "description": "Number of active process handlers",
    "labelNames": [],
    "name": "process.internal.active.handles",
    "type": "gauge",
    "unit": "handle",
    "values": [
      {
        "key": "",
        "labels": {},
        "timestamp": 12345678000,
        "value": 4,
      },
    ],
  },
  {
    "description": "Node version",
    "labelNames": [],
    "name": "process.versions.node",
    "type": "info",
    "unit": undefined,
    "values": [
      {
        "key": "",
        "labels": {},
        "timestamp": 12345678000,
        "value": "22.22.1",
      },
    ],
  },
  {
    "description": "OS free memory size",
    "labelNames": [],
    "name": "os.memory.free",
    "type": "gauge",
    "unit": "byte",
    "values": [
      {
        "key": "",
        "labels": {},
        "timestamp": 12345678000,
        "value": 9252380672,
      },
    ],
  },
  {
    "description": "OS used memory size",
    "labelNames": [],
    "name": "os.memory.used",
    "type": "gauge",
    "unit": "byte",
    "values": [
      {
        "key": "",
        "labels": {},
        "timestamp": 12345678000,
        "value": 3289128960,
      },
    ],
  },
  {
    "description": "OS total memory size",
    "labelNames": [],
    "name": "os.memory.total",
    "type": "gauge",
    "unit": "byte",
    "values": [
      {
        "key": "",
        "labels": {},
        "timestamp": 12345678000,
        "value": 12541509632,
      },
    ],
  },
  {
    "description": "OS uptime",
    "labelNames": [],
    "name": "os.uptime",
    "type": "gauge",
    "unit": "second",
    "values": [
      {
        "key": "",
        "labels": {},
        "timestamp": 12345678000,
        "value": 2095107.78,
      },
    ],
  },
  {
    "description": "OS type",
    "labelNames": [],
    "name": "os.type",
    "type": "info",
    "unit": undefined,
    "values": [
      {
        "key": "",
        "labels": {},
        "timestamp": 12345678000,
        "value": "Linux",
      },
    ],
  },
  {
    "description": "OS release",
    "labelNames": [],
    "name": "os.release",
    "type": "info",
    "unit": undefined,
    "values": [
      {
        "key": "",
        "labels": {},
        "timestamp": 12345678000,
        "value": "6.8.0-101-generic",
      },
    ],
  },
  {
    "description": "Hostname",
    "labelNames": [],
    "name": "os.hostname",
    "type": "info",
    "unit": undefined,
    "values": [
      {
        "key": "",
        "labels": {},
        "timestamp": 12345678000,
        "value": "claude-contabo",
      },
    ],
  },
  {
    "description": "OS architecture",
    "labelNames": [],
    "name": "os.arch",
    "type": "info",
    "unit": undefined,
    "values": [
      {
        "key": "",
        "labels": {},
        "timestamp": 12345678000,
        "value": "x64",
      },
    ],
  },
  {
    "description": "OS platform",
    "labelNames": [],
    "name": "os.platform",
    "type": "info",
    "unit": undefined,
    "values": [
      {
        "key": "",
        "labels": {},
        "timestamp": 12345678000,
        "value": "linux",
      },
    ],
  },
  {
    "description": "UID",
    "labelNames": [],
    "name": "os.user.uid",
    "type": "info",
    "unit": undefined,
    "values": [
      {
        "key": "",
        "labels": {},
        "timestamp": 12345678000,
        "value": 1000,
      },
    ],
  },
  {
    "description": "GID",
    "labelNames": [],
    "name": "os.user.gid",
    "type": "info",
    "unit": undefined,
    "values": [
      {
        "key": "",
        "labels": {},
        "timestamp": 12345678000,
        "value": 1000,
      },
    ],
  },
  {
    "description": "Username",
    "labelNames": [],
    "name": "os.user.username",
    "type": "info",
    "unit": undefined,
    "values": [
      {
        "key": "",
        "labels": {},
        "timestamp": 12345678000,
        "value": "icebob",
      },
    ],
  },
  {
    "description": "User's home directory",
    "labelNames": [],
    "name": "os.user.homedir",
    "type": "info",
    "unit": undefined,
    "values": [
      {
        "key": "",
        "labels": {},
        "timestamp": 12345678000,
        "value": "/home/icebob",
      },
    ],
  },
  {
    "description": "Network address",
    "labelNames": [
      "interface",
      "family",
    ],
    "name": "os.network.address",
    "type": "info",
    "unit": undefined,
    "values": [
      {
        "key": ""eth0"|"IPv4"",
        "labels": {
          "family": "IPv4",
          "interface": "eth0",
        },
        "timestamp": 12345678000,
        "value": "157.173.105.159",
      },
      {
        "key": ""eth0"|"IPv6"",
        "labels": {
          "family": "IPv6",
          "interface": "eth0",
        },
        "timestamp": 12345678000,
        "value": "fe80::250:56ff:fe61:a04d",
      },
      {
        "key": ""docker0"|"IPv4"",
        "labels": {
          "family": "IPv4",
          "interface": "docker0",
        },
        "timestamp": 12345678000,
        "value": "172.17.0.1",
      },
      {
        "key": ""docker0"|"IPv6"",
        "labels": {
          "family": "IPv6",
          "interface": "docker0",
        },
        "timestamp": 12345678000,
        "value": "fe80::1018:e4ff:fe5a:2f6e",
      },
      {
        "key": ""br-159e3097e7ed"|"IPv4"",
        "labels": {
          "family": "IPv4",
          "interface": "br-159e3097e7ed",
        },
        "timestamp": 12345678000,
        "value": "172.20.0.1",
      },
      {
        "key": ""br-159e3097e7ed"|"IPv6"",
        "labels": {
          "family": "IPv6",
          "interface": "br-159e3097e7ed",
        },
        "timestamp": 12345678000,
        "value": "fe80::5c9d:1ff:fe41:863e",
      },
      {
        "key": ""ztfp6gwidn"|"IPv4"",
        "labels": {
          "family": "IPv4",
          "interface": "ztfp6gwidn",
        },
        "timestamp": 12345678000,
        "value": "10.147.19.58",
      },
      {
        "key": ""ztfp6gwidn"|"IPv6"",
        "labels": {
          "family": "IPv6",
          "interface": "ztfp6gwidn",
        },
        "timestamp": 12345678000,
        "value": "fe80::20e9:1cff:fe32:b0b8",
      },
      {
        "key": ""br-82640363ce77"|"IPv4"",
        "labels": {
          "family": "IPv4",
          "interface": "br-82640363ce77",
        },
        "timestamp": 12345678000,
        "value": "172.19.0.1",
      },
      {
        "key": ""br-82640363ce77"|"IPv6"",
        "labels": {
          "family": "IPv6",
          "interface": "br-82640363ce77",
        },
        "timestamp": 12345678000,
        "value": "fe80::98fa:c9ff:fe17:df0c",
      },
      {
        "key": ""tailscale0"|"IPv4"",
        "labels": {
          "family": "IPv4",
          "interface": "tailscale0",
        },
        "timestamp": 12345678000,
        "value": "100.82.99.115",
      },
      {
        "key": ""tailscale0"|"IPv6"",
        "labels": {
          "family": "IPv6",
          "interface": "tailscale0",
        },
        "timestamp": 12345678000,
        "value": "fe80::8756:17a:97a1:ac41",
      },
      {
        "key": ""vethc9f394b"|"IPv6"",
        "labels": {
          "family": "IPv6",
          "interface": "vethc9f394b",
        },
        "timestamp": 12345678000,
        "value": "fe80::2476:53ff:fe5c:b4a8",
      },
      {
        "key": ""veth7504986"|"IPv6"",
        "labels": {
          "family": "IPv6",
          "interface": "veth7504986",
        },
        "timestamp": 12345678000,
        "value": "fe80::84d0:b1ff:fed2:fedf",
      },
      {
        "key": ""vethace83ce"|"IPv6"",
        "labels": {
          "family": "IPv6",
          "interface": "vethace83ce",
        },
        "timestamp": 12345678000,
        "value": "fe80::10f4:8cff:fee8:32ee",
      },
      {
        "key": ""veth406793a"|"IPv6"",
        "labels": {
          "family": "IPv6",
          "interface": "veth406793a",
        },
        "timestamp": 12345678000,
        "value": "fe80::38b8:29ff:fe4c:5546",
      },
    ],
  },
  {
    "description": "MAC address",
    "labelNames": [
      "interface",
      "family",
    ],
    "name": "os.network.mac",
    "type": "info",
    "unit": undefined,
    "values": [
      {
        "key": ""eth0"|"IPv4"",
        "labels": {
          "family": "IPv4",
          "interface": "eth0",
        },
        "timestamp": 12345678000,
        "value": "00:50:56:61:a0:4d",
      },
      {
        "key": ""eth0"|"IPv6"",
        "labels": {
          "family": "IPv6",
          "interface": "eth0",
        },
        "timestamp": 12345678000,
        "value": "00:50:56:61:a0:4d",
      },
      {
        "key": ""docker0"|"IPv4"",
        "labels": {
          "family": "IPv4",
          "interface": "docker0",
        },
        "timestamp": 12345678000,
        "value": "12:18:e4:5a:2f:6e",
      },
      {
        "key": ""docker0"|"IPv6"",
        "labels": {
          "family": "IPv6",
          "interface": "docker0",
        },
        "timestamp": 12345678000,
        "value": "12:18:e4:5a:2f:6e",
      },
      {
        "key": ""br-159e3097e7ed"|"IPv4"",
        "labels": {
          "family": "IPv4",
          "interface": "br-159e3097e7ed",
        },
        "timestamp": 12345678000,
        "value": "5e:9d:01:41:86:3e",
      },
      {
        "key": ""br-159e3097e7ed"|"IPv6"",
        "labels": {
          "family": "IPv6",
          "interface": "br-159e3097e7ed",
        },
        "timestamp": 12345678000,
        "value": "5e:9d:01:41:86:3e",
      },
      {
        "key": ""ztfp6gwidn"|"IPv4"",
        "labels": {
          "family": "IPv4",
          "interface": "ztfp6gwidn",
        },
        "timestamp": 12345678000,
        "value": "22:e9:1c:32:b0:b8",
      },
      {
        "key": ""ztfp6gwidn"|"IPv6"",
        "labels": {
          "family": "IPv6",
          "interface": "ztfp6gwidn",
        },
        "timestamp": 12345678000,
        "value": "22:e9:1c:32:b0:b8",
      },
      {
        "key": ""br-82640363ce77"|"IPv4"",
        "labels": {
          "family": "IPv4",
          "interface": "br-82640363ce77",
        },
        "timestamp": 12345678000,
        "value": "9a:fa:c9:17:df:0c",
      },
      {
        "key": ""br-82640363ce77"|"IPv6"",
        "labels": {
          "family": "IPv6",
          "interface": "br-82640363ce77",
        },
        "timestamp": 12345678000,
        "value": "9a:fa:c9:17:df:0c",
      },
      {
        "key": ""tailscale0"|"IPv4"",
        "labels": {
          "family": "IPv4",
          "interface": "tailscale0",
        },
        "timestamp": 12345678000,
        "value": "00:00:00:00:00:00",
      },
      {
        "key": ""tailscale0"|"IPv6"",
        "labels": {
          "family": "IPv6",
          "interface": "tailscale0",
        },
        "timestamp": 12345678000,
        "value": "00:00:00:00:00:00",
      },
      {
        "key": ""vethc9f394b"|"IPv6"",
        "labels": {
          "family": "IPv6",
          "interface": "vethc9f394b",
        },
        "timestamp": 12345678000,
        "value": "26:76:53:5c:b4:a8",
      },
      {
        "key": ""veth7504986"|"IPv6"",
        "labels": {
          "family": "IPv6",
          "interface": "veth7504986",
        },
        "timestamp": 12345678000,
        "value": "86:d0:b1:d2:fe:df",
      },
      {
        "key": ""vethace83ce"|"IPv6"",
        "labels": {
          "family": "IPv6",
          "interface": "vethace83ce",
        },
        "timestamp": 12345678000,
        "value": "12:f4:8c:e8:32:ee",
      },
      {
        "key": ""veth406793a"|"IPv6"",
        "labels": {
          "family": "IPv6",
          "interface": "veth406793a",
        },
        "timestamp": 12345678000,
        "value": "3a:b8:29:4c:55:46",
      },
    ],
  },
  {
    "description": "Current datetime in Unix format",
    "labelNames": [],
    "name": "os.datetime.unix",
    "type": "gauge",
    "unit": undefined,
    "values": [
      {
        "key": "",
        "labels": {},
        "timestamp": 12345678000,
        "value": 12345678000,
      },
    ],
  },
  {
    "description": "Current datetime in ISO string",
    "labelNames": [],
    "name": "os.datetime.iso",
    "type": "info",
    "unit": undefined,
    "values": [
      {
        "key": "",
        "labels": {},
        "timestamp": 12345678000,
        "value": "1970-05-23T21:21:18.000Z",
      },
    ],
  },
  {
    "description": undefined,
    "labelNames": [],
    "name": "os.datetime.utc",
    "type": "gauge",
    "unit": undefined,
    "values": [
      {
        "key": "",
        "labels": {},
        "timestamp": 12345678000,
        "value": 123456,
      },
    ],
  },
  {
    "description": "Timezone offset",
    "labelNames": [],
    "name": "os.datetime.tz.offset",
    "type": "gauge",
    "unit": undefined,
    "values": [
      {
        "key": "",
        "labels": {},
        "timestamp": 12345678000,
        "value": -60,
      },
    ],
  },
  {
    "description": "CPU load1",
    "labelNames": [],
    "name": "os.cpu.load.1",
    "type": "gauge",
    "unit": undefined,
    "values": [
      {
        "key": "",
        "labels": {},
        "timestamp": 12345678000,
        "value": 1.58,
      },
    ],
  },
  {
    "description": "CPU load5",
    "labelNames": [],
    "name": "os.cpu.load.5",
    "type": "gauge",
    "unit": undefined,
    "values": [
      {
        "key": "",
        "labels": {},
        "timestamp": 12345678000,
        "value": 1.55,
      },
    ],
  },
  {
    "description": "CPU load15",
    "labelNames": [],
    "name": "os.cpu.load.15",
    "type": "gauge",
    "unit": undefined,
    "values": [
      {
        "key": "",
        "labels": {},
        "timestamp": 12345678000,
        "value": 1,
      },
    ],
  },
  {
    "description": "Moleculer implementation type",
    "labelNames": [],
    "name": "moleculer.node.type",
    "type": "info",
    "unit": undefined,
    "values": [
      {
        "key": "",
        "labels": {},
        "timestamp": 12345678000,
        "value": "nodejs",
      },
    ],
  },
  {
    "description": "Moleculer protocol version",
    "labelNames": [],
    "name": "moleculer.node.versions.protocol",
    "type": "info",
    "unit": undefined,
    "values": [
      {
        "key": "",
        "labels": {},
        "timestamp": 12345678000,
        "value": "5",
      },
    ],
  },
  {
    "description": "Moleculer namespace",
    "labelNames": [],
    "name": "moleculer.broker.namespace",
    "type": "info",
    "unit": undefined,
    "values": [
      {
        "key": "",
        "labels": {},
        "timestamp": 12345678000,
        "value": "",
      },
    ],
  },
  {
    "description": "ServiceBroker started",
    "labelNames": [],
    "name": "moleculer.broker.started",
    "type": "gauge",
    "unit": undefined,
    "values": [
      {
        "key": "",
        "labels": {},
        "timestamp": 12345678000,
        "value": 0,
      },
    ],
  },
  {
    "description": "Number of local services",
    "labelNames": [],
    "name": "moleculer.broker.local.services.total",
    "type": "gauge",
    "unit": undefined,
    "values": [
      {
        "key": "",
        "labels": {},
        "timestamp": 12345678000,
        "value": 1,
      },
    ],
  },
  {
    "description": "Number of local middlewares",
    "labelNames": [],
    "name": "moleculer.broker.middlewares.total",
    "type": "gauge",
    "unit": undefined,
    "values": [
      {
        "key": "",
        "labels": {},
        "timestamp": 12345678000,
        "value": 13,
      },
    ],
  },
  {
    "description": "Number of registered nodes",
    "labelNames": [],
    "name": "moleculer.registry.nodes.total",
    "type": "gauge",
    "unit": undefined,
    "values": [
      {
        "key": "",
        "labels": {},
        "timestamp": 12345678000,
        "value": 1,
      },
    ],
  },
  {
    "description": "Number of online nodes",
    "labelNames": [],
    "name": "moleculer.registry.nodes.online.total",
    "type": "gauge",
    "unit": undefined,
    "values": [
      {
        "key": "",
        "labels": {},
        "timestamp": 12345678000,
        "value": 1,
      },
    ],
  },
  {
    "description": "Number of registered services",
    "labelNames": [],
    "name": "moleculer.registry.services.total",
    "type": "gauge",
    "unit": undefined,
    "values": [
      {
        "key": "",
        "labels": {},
        "timestamp": 12345678000,
        "value": 0,
      },
    ],
  },
  {
    "description": "Number of registered actions",
    "labelNames": [],
    "name": "moleculer.registry.actions.total",
    "type": "gauge",
    "unit": undefined,
    "values": [
      {
        "key": "",
        "labels": {},
        "timestamp": 12345678000,
        "value": 0,
      },
    ],
  },
  {
    "description": "Number of registered events",
    "labelNames": [],
    "name": "moleculer.registry.events.total",
    "type": "gauge",
    "unit": undefined,
    "values": [
      {
        "key": "",
        "labels": {},
        "timestamp": 12345678000,
        "value": 0,
      },
    ],
  },
  {
    "description": "Test Info Metric",
    "labelNames": [],
    "name": "test.info",
    "type": "info",
    "unit": undefined,
    "values": [
      {
        "key": "",
        "labels": {},
        "timestamp": 12345678000,
        "value": "Test Value",
      },
    ],
  },
  {
    "description": "Test Counter Metric",
    "labelNames": [
      "action",
    ],
    "name": "test.counter",
    "type": "counter",
    "unit": undefined,
    "values": [
      {
        "key": "",
        "labels": {},
        "timestamp": 12345678000,
        "value": 5,
      },
      {
        "key": ""posts\\comments"",
        "labels": {
          "action": "posts\\comments",
        },
        "timestamp": 12345678000,
        "value": 8,
      },
    ],
  },
  {
    "description": "Test Gauge Metric",
    "labelNames": [
      "action",
    ],
    "name": "test.gauge-total",
    "type": "gauge",
    "unit": undefined,
    "values": [
      {
        "key": ""users-"John""",
        "labels": {
          "action": "users-"John"",
        },
        "timestamp": 12345678000,
        "value": -8,
      },
      {
        "key": "",
        "labels": {},
        "timestamp": 12345678000,
        "value": {
          "action": "posts",
        },
      },
    ],
  },
  {
    "description": undefined,
    "labelNames": [
      "action",
    ],
    "name": "test.histogram",
    "type": "histogram",
    "unit": "byte",
    "values": [
      {
        "buckets": {
          "1": 0,
          "10": 4,
          "100": 4,
          "1000": 4,
          "10000": 4,
          "25": 4,
          "250": 4,
          "2500": 4,
          "5": 2,
          "50": 4,
          "500": 4,
          "5000": 4,
        },
        "count": 4,
        "key": "",
        "labels": {},
        "lastValue": 2,
        "max": 8,
        "mean": 4.5,
        "min": 2,
        "quantiles": {
          "0.5": 2,
          "0.9": 8,
          "0.95": 8,
          "0.99": 8,
          "0.999": 8,
        },
        "stdDev": 3,
        "sum": 18,
        "timestamp": 12345678000,
        "variance": 9,
      },
      {
        "buckets": {
          "1": 1,
          "10": 3,
          "100": 3,
          "1000": 3,
          "10000": 3,
          "25": 3,
          "250": 3,
          "2500": 3,
          "5": 2,
          "50": 3,
          "500": 3,
          "5000": 3,
        },
        "count": 3,
        "key": ""auth"",
        "labels": {
          "action": "auth",
        },
        "lastValue": 7,
        "max": 7,
        "mean": 3.6666666666666665,
        "min": 1,
        "quantiles": {
          "0.5": 3,
          "0.9": 7,
          "0.95": 7,
          "0.99": 7,
          "0.999": 7,
        },
        "stdDev": 3.0550504633038935,
        "sum": 11,
        "timestamp": 12345678000,
        "variance": 9.333333333333334,
      },
    ],
  },
]
`;

exports[`Test EventReporter class Test sendEvent method with onlyChanges should send changes only 1`] = `
[
  {
    "description": "Test Counter Metric",
    "labelNames": [
      "action",
    ],
    "name": "test.counter",
    "type": "counter",
    "unit": undefined,
    "values": [
      {
        "key": "",
        "labels": {},
        "timestamp": 12345678000,
        "value": 12,
      },
      {
        "key": ""posts\\comments"",
        "labels": {
          "action": "posts\\comments",
        },
        "timestamp": 12345678000,
        "value": 8,
      },
    ],
  },
  {
    "description": "Test Gauge Metric",
    "labelNames": [
      "action",
    ],
    "name": "test.gauge-total",
    "type": "gauge",
    "unit": undefined,
    "values": [
      {
        "key": ""users-"John""",
        "labels": {
          "action": "users-"John"",
        },
        "timestamp": 12345678000,
        "value": -8,
      },
      {
        "key": "",
        "labels": {},
        "timestamp": 12345678000,
        "value": {
          "action": "posts",
        },
      },
      {
        "key": ""posts"",
        "labels": {
          "action": "posts",
        },
        "timestamp": 12345678000,
        "value": -5,
      },
    ],
  },
]
`;
